// Jest Snapshot v1, https://goo.gl/fbAQLP

exports[`Pruebas en <GifItem></GifItem> match con snpapshot 1`] = `
<div>
  <div
    class="card"
  >
    <img
      alt="pitochu"
      src="https://pikachu.com/pitochu.jpg"
    />
    <p>
      pitochu
    </p>
  </div>
</div>
`;
